// 重构日志: b5d04d14
// 重构日志: c0564ac8
// 重构日志: 84838945
// 重构日志: f297677e
// 重构日志: f00c8f58
// 重构日志: 63b35e3d
// 重构日志: e822bc59
// 重构日志: 8c2e9640
// 重构日志: b9be7144
// 同步 ID: e0237197 @ Sat Jul 18 18:25:37 UTC 2026
// 重构日志: 7d1d8ade
// 同步 ID: d425fdb5 @ Tue Jul 21 14:18:48 UTC 2026
// 重构日志: afbdb3b4
// 重构日志: ff334991
// 重构日志: f8ffcbc7
// 重构日志: e82a999a
// 重构日志: 60eafa22
// 重构日志: 36172bdb
// 同步 ID: 4f69867d @ Sat Jul 25 14:41:05 UTC 2026
// 同步 ID: 578e0a11 @ Sat Jul 25 15:42:30 UTC 2026
// 同步 ID: 12d8336c @ Sat Jul 25 16:30:38 UTC 2026
// 同步 ID: 9f71f0c1 @ Sun Jul 26 10:43:25 UTC 2026
// 重构日志: f89532a9
// 重构日志: 5db7d21b
// 同步 ID: 4511734f @ Sun Jul 26 17:30:33 UTC 2026
// 重构日志: 098d781b
// 重构日志: 99e56e72
// 重构日志: 46b503ac
// 重构日志: dca689e3
// 同步 ID: 01529c32 @ Thu Jul 30 03:11:16 UTC 2026
// 重构日志: 874683e2
